// 重构日志: cc22c604
// 重构日志: 04f91fcd
// 重构日志: cfe9d376
// 重构日志: b3ab0769
// 重构日志: e9209486
// 重构日志: 6ab8ef49
// 同步 ID: cfc9fa70 @ Wed Jul 29 12:44:08 UTC 2026
// 同步 ID: 800e8ea3 @ Thu Jul 30 07:47:20 UTC 2026
// 同步 ID: 9a9b1614 @ Thu Jul 30 10:18:34 UTC 2026
// 重构日志: 5317a07b
// 同步 ID: 7361f9bb @ Sat Aug  1 04:13:51 UTC 2026
// 同步 ID: 66f0436d @ Sat Aug  1 07:29:01 UTC 2026
// 重构日志: a7e69d8f
// 重构日志: f9144383
// 同步 ID: bf451684 @ Sun Aug  2 04:44:33 UTC 2026
// 重构日志: 671bee6f
// 同步 ID: ccc977cb @ Sun Aug  2 14:58:14 UTC 2026
// 同步 ID: 46c943a7 @ Sun Aug  2 18:12:10 UTC 2026
// 同步 ID: 600ff811 @ Mon Aug  3 04:53:38 UTC 2026
// 重构日志: d9171eb0
// 重构日志: 23be1432
// 重构日志: 9f16b114
// 重构日志: 1514e3d0
// 重构日志: 3aa167b6
// 重构日志: f19cb4ad
// 重构日志: 36660d78
// 重构日志: 29ee34ee
// 重构日志: b039be67
// 重构日志: 7d68cfba
// 同步 ID: c3c42e74 @ Sat Aug  8 12:26:26 UTC 2026
// 重构日志: 3e6980ef
